C:\Users\HP\Documents\MotorPH_OOPMS2_Draft-main (1)\MotorPH_OOPMS2_Draft-main\MotorPH_OOPMS2_Draft-main\src\main\java\motorph\dao\EmployeeDAO.java
C:\Users\HP\Documents\MotorPH_OOPMS2_Draft-main (1)\MotorPH_OOPMS2_Draft-main\MotorPH_OOPMS2_Draft-main\src\main\java\motorph\dao\FileHandler.java
C:\Users\HP\Documents\MotorPH_OOPMS2_Draft-main (1)\MotorPH_OOPMS2_Draft-main\MotorPH_OOPMS2_Draft-main\src\main\java\motorph\dao\LeaveDAO.java
C:\Users\HP\Documents\MotorPH_OOPMS2_Draft-main (1)\MotorPH_OOPMS2_Draft-main\MotorPH_OOPMS2_Draft-main\src\main\java\motorph\gui\admin\AdminLeavePanel.java
C:\Users\HP\Documents\MotorPH_OOPMS2_Draft-main (1)\MotorPH_OOPMS2_Draft-main\MotorPH_OOPMS2_Draft-main\src\main\java\motorph\gui\admin\AttendancePanel.java
C:\Users\HP\Documents\MotorPH_OOPMS2_Draft-main (1)\MotorPH_OOPMS2_Draft-main\MotorPH_OOPMS2_Draft-main\src\main\java\motorph\gui\admin\DashboardPanel.java
C:\Users\HP\Documents\MotorPH_OOPMS2_Draft-main (1)\MotorPH_OOPMS2_Draft-main\MotorPH_OOPMS2_Draft-main\src\main\java\motorph\gui\admin\EmployeeDetailsFrame.java
C:\Users\HP\Documents\MotorPH_OOPMS2_Draft-main (1)\MotorPH_OOPMS2_Draft-main\MotorPH_OOPMS2_Draft-main\src\main\java\motorph\gui\admin\EmployeeDialog.java
C:\Users\HP\Documents\MotorPH_OOPMS2_Draft-main (1)\MotorPH_OOPMS2_Draft-main\MotorPH_OOPMS2_Draft-main\src\main\java\motorph\gui\admin\EmployeesPanel.java
C:\Users\HP\Documents\MotorPH_OOPMS2_Draft-main (1)\MotorPH_OOPMS2_Draft-main\MotorPH_OOPMS2_Draft-main\src\main\java\motorph\gui\admin\PayrollFrame.java
C:\Users\HP\Documents\MotorPH_OOPMS2_Draft-main (1)\MotorPH_OOPMS2_Draft-main\MotorPH_OOPMS2_Draft-main\src\main\java\motorph\gui\admin\payrollReportArea.java
C:\Users\HP\Documents\MotorPH_OOPMS2_Draft-main (1)\MotorPH_OOPMS2_Draft-main\MotorPH_OOPMS2_Draft-main\src\main\java\motorph\gui\AppStart.java
C:\Users\HP\Documents\MotorPH_OOPMS2_Draft-main (1)\MotorPH_OOPMS2_Draft-main\MotorPH_OOPMS2_Draft-main\src\main\java\motorph\gui\employee\EmpAttendancePanel.java
C:\Users\HP\Documents\MotorPH_OOPMS2_Draft-main (1)\MotorPH_OOPMS2_Draft-main\MotorPH_OOPMS2_Draft-main\src\main\java\motorph\gui\employee\EmpDashboardPanel.java
C:\Users\HP\Documents\MotorPH_OOPMS2_Draft-main (1)\MotorPH_OOPMS2_Draft-main\MotorPH_OOPMS2_Draft-main\src\main\java\motorph\gui\employee\EmpEmployeesPanel.java
C:\Users\HP\Documents\MotorPH_OOPMS2_Draft-main (1)\MotorPH_OOPMS2_Draft-main\MotorPH_OOPMS2_Draft-main\src\main\java\motorph\gui\employee\EmpLeavePanel.java
C:\Users\HP\Documents\MotorPH_OOPMS2_Draft-main (1)\MotorPH_OOPMS2_Draft-main\MotorPH_OOPMS2_Draft-main\src\main\java\motorph\gui\employee\EmpPayrollFrame.java
C:\Users\HP\Documents\MotorPH_OOPMS2_Draft-main (1)\MotorPH_OOPMS2_Draft-main\MotorPH_OOPMS2_Draft-main\src\main\java\motorph\gui\finance\FinanceDashboardPanel.java
C:\Users\HP\Documents\MotorPH_OOPMS2_Draft-main (1)\MotorPH_OOPMS2_Draft-main\MotorPH_OOPMS2_Draft-main\src\main\java\motorph\gui\MainApplication.java
C:\Users\HP\Documents\MotorPH_OOPMS2_Draft-main (1)\MotorPH_OOPMS2_Draft-main\MotorPH_OOPMS2_Draft-main\src\main\java\motorph\gui\NavigationPanel.java
C:\Users\HP\Documents\MotorPH_OOPMS2_Draft-main (1)\MotorPH_OOPMS2_Draft-main\MotorPH_OOPMS2_Draft-main\src\main\java\motorph\gui\string.java
C:\Users\HP\Documents\MotorPH_OOPMS2_Draft-main (1)\MotorPH_OOPMS2_Draft-main\MotorPH_OOPMS2_Draft-main\src\main\java\motorph\model\Attendance.java
C:\Users\HP\Documents\MotorPH_OOPMS2_Draft-main (1)\MotorPH_OOPMS2_Draft-main\MotorPH_OOPMS2_Draft-main\src\main\java\motorph\model\Employee.java
C:\Users\HP\Documents\MotorPH_OOPMS2_Draft-main (1)\MotorPH_OOPMS2_Draft-main\MotorPH_OOPMS2_Draft-main\src\main\java\motorph\model\EmploymentType.java
C:\Users\HP\Documents\MotorPH_OOPMS2_Draft-main (1)\MotorPH_OOPMS2_Draft-main\MotorPH_OOPMS2_Draft-main\src\main\java\motorph\model\LeaveRequest.java
C:\Users\HP\Documents\MotorPH_OOPMS2_Draft-main (1)\MotorPH_OOPMS2_Draft-main\MotorPH_OOPMS2_Draft-main\src\main\java\motorph\model\LeaveStatus.java
C:\Users\HP\Documents\MotorPH_OOPMS2_Draft-main (1)\MotorPH_OOPMS2_Draft-main\MotorPH_OOPMS2_Draft-main\src\main\java\motorph\model\LeaveType.java
C:\Users\HP\Documents\MotorPH_OOPMS2_Draft-main (1)\MotorPH_OOPMS2_Draft-main\MotorPH_OOPMS2_Draft-main\src\main\java\motorph\model\Payable.java
C:\Users\HP\Documents\MotorPH_OOPMS2_Draft-main (1)\MotorPH_OOPMS2_Draft-main\MotorPH_OOPMS2_Draft-main\src\main\java\motorph\model\ProbationaryEmployee.java
C:\Users\HP\Documents\MotorPH_OOPMS2_Draft-main (1)\MotorPH_OOPMS2_Draft-main\MotorPH_OOPMS2_Draft-main\src\main\java\motorph\model\RegularEmployee.java
C:\Users\HP\Documents\MotorPH_OOPMS2_Draft-main (1)\MotorPH_OOPMS2_Draft-main\MotorPH_OOPMS2_Draft-main\src\main\java\motorph\model\Role.java
C:\Users\HP\Documents\MotorPH_OOPMS2_Draft-main (1)\MotorPH_OOPMS2_Draft-main\MotorPH_OOPMS2_Draft-main\src\main\java\motorph\MotorPH.java
C:\Users\HP\Documents\MotorPH_OOPMS2_Draft-main (1)\MotorPH_OOPMS2_Draft-main\MotorPH_OOPMS2_Draft-main\src\main\java\motorph\service\LeaveService.java
C:\Users\HP\Documents\MotorPH_OOPMS2_Draft-main (1)\MotorPH_OOPMS2_Draft-main\MotorPH_OOPMS2_Draft-main\src\main\java\motorph\service\PayrollCalculator.java
C:\Users\HP\Documents\MotorPH_OOPMS2_Draft-main (1)\MotorPH_OOPMS2_Draft-main\MotorPH_OOPMS2_Draft-main\src\main\java\motorph\service\PermissionService.java
C:\Users\HP\Documents\MotorPH_OOPMS2_Draft-main (1)\MotorPH_OOPMS2_Draft-main\MotorPH_OOPMS2_Draft-main\src\main\java\motorph\util\InputValidator.java
C:\Users\HP\Documents\MotorPH_OOPMS2_Draft-main (1)\MotorPH_OOPMS2_Draft-main\MotorPH_OOPMS2_Draft-main\src\main\java\TestFinanceDashboard\java.java
